<html>
<body>
<pre>
<h1>µVision Build Log</h1>
<h2>Tool Versions:</h2>
IDE-Version: µVision V5.38.0.0
Copyright (C) 2022 ARM Ltd and ARM Germany GmbH. All rights reserved.
License Information: Vamsi Kiran vamsikiran167@gmail.com, Vamsi Kiran, LIC=----
 
Tool Versions:
Toolchain:       MDK-Lite  Version: 5.43.0.0
Toolchain Path:  C:\Users\vamsi\AppData\Local\Keil_v5\ARM\ARMCLANG\Bin
C Compiler:      ArmClang.exe V6.24
Assembler:       Armasm.exe V6.24
Linker/Locator:  ArmLink.exe V6.24
Library Manager: ArmAr.exe V6.24
Hex Converter:   FromElf.exe V6.24
CPU DLL:         SARMCM3.DLL V5.43.0.0
Dialog DLL:      DARMCM1.DLL V1.19.6.0
Target DLL:      UL2CM3.DLL V1.164.16.0
Dialog DLL:      TARMCM1.DLL V1.14.6.0
 
<h2>Project:</h2>
V:\Raspi_Pico\Blink_led.uvprojx
Project File Date:  05/23/2026

<h2>Output:</h2>
*** Using Compiler 'V6.24', folder: 'C:\Users\vamsi\AppData\Local\Keil_v5\ARM\ARMCLANG\Bin'
Build target 'Target 1'
Before Build - User command #2: C:/Users/vamsi/AppData/Local/Arm/Packs/RaspberryPi/RP2xxx_DFP/0.9.5/tools\pio_all.bat
V:\Raspi_Pico>for %f in (*.pio) do (
echo "PIOASMing"  
 echo %f  
 C:\Users\vamsi\AppData\Local\Arm\Packs\RaspberryPi\RP2xxx_DFP\0.9.5\tools\pioasm.exe -o "c-sdk" "%f" "%f.h" 
) 
assembling startup.s...
linking...
Program Size: Code=452 RO-data=16 RW-data=0 ZI-data=96  
After Build - User command #2: C:/Users/vamsi/AppData/Local/Arm/Packs/RaspberryPi/RP2xxx_DFP/0.9.5/tools\elf2uf2.exe "V:\Raspi_Pico\Objects\Blink_led.axf" ".\Blink_led.uf2"
".\Objects\Blink_led.axf" - 0 Error(s), 0 Warning(s).

<h2>Software Packages used:</h2>

Package Vendor: ARM
                https://www.keil.com/pack/ARM.CMSIS.6.2.0.pack
                ARM.CMSIS.6.2.0
                CMSIS (Common Microcontroller Software Interface Standard)
   * Component: CORE Version: 6.1.1

Package Vendor: RaspberryPi
                https://github.com/raspberrypi/cmsis-rp2xxx-dfp/releases/download/v0.9.5/RaspberryPi.RP2xxx_DFP.0.9.5.pack
                RaspberryPi.RP2xxx_DFP.0.9.5
                Raspberry Pi RP2xxx Device Family Pack

<h2>Collection of Component include folders:</h2>
  ./RTE/_Target_1
  C:/Users/vamsi/AppData/Local/Arm/Packs/ARM/CMSIS/6.2.0/CMSIS/Core/Include
  C:/Users/vamsi/AppData/Local/Arm/Packs/RaspberryPi/RP2xxx_DFP/0.9.5/CMSIS/Device/RP2040/Include

<h2>Collection of Component Files used:</h2>

   * Component: ARM::CMSIS:CORE:6.1.1
Build Time Elapsed:  00:00:01
</pre>
</body>
</html>
